// Jest Snapshot v1, https://goo.gl/fbAQLP

exports[`test todoList rendering: rendered TodoList 1`] = `
<ul
  className="todo-list"
>
  <Todo
    todo={
      Object {
        "action": "first stuff to do",
        "completed": false,
        "id": 1,
      }
    }
  />
  <Todo
    todo={
      Object {
        "action": "second stuff to do",
        "completed": false,
        "id": 2,
      }
    }
  />
  <Todo
    todo={
      Object {
        "action": "third stuff to do",
        "completed": false,
        "id": 3,
      }
    }
  />
</ul>
`;
