// Jest Snapshot v1, https://goo.gl/fbAQLP

exports[`test todoForm rendering: rendered TodoForm 1`] = `
<div
  className="todo-form-container"
>
  <form
    className="todo-form"
    onSubmit={[Function]}
  >
    <input
      className="todo-input"
      onChange={[Function]}
      placeholder="Add something to do"
      type="text"
      value=""
    />
    <button
      className="todo-form-button"
    >
      Add
    </button>
  </form>
</div>
`;
